[pwe.gr8.com/index.html]
[backblue.gif]
[fade.gif]
[index.html]
[us-as.gr-cdn.com/images/squeeze-page/_external/various/favicons/apple-touch-icon-57x57.png]
[us-as.gr-cdn.com/images/squeeze-page/_external/various/favicons/apple-touch-icon-60x60.png]
[us-as.gr-cdn.com/images/squeeze-page/_external/various/favicons/apple-touch-icon-72x72.png]
[us-as.gr-cdn.com/images/squeeze-page/_external/various/favicons/apple-touch-icon-76x76.png]
[us-as.gr-cdn.com/images/squeeze-page/_external/various/favicons/apple-touch-icon-114x114.png]
[us-as.gr-cdn.com/images/squeeze-page/_external/various/favicons/apple-touch-icon-120x120.png]
[us-as.gr-cdn.com/images/squeeze-page/_external/various/favicons/apple-touch-icon-144x144.png]
[us-as.gr-cdn.com/images/squeeze-page/_external/various/favicons/apple-touch-icon-152x152.png]
[us-as.gr-cdn.com/images/squeeze-page/_external/various/favicons/apple-touch-icon-180x180.png]
[us-as.gr-cdn.com/images/squeeze-page/_external/various/favicons/favicon-32x32.png]
[us-as.gr-cdn.com/images/squeeze-page/_external/various/favicons/favicon-194x194.png]
[us-as.gr-cdn.com/images/squeeze-page/_external/various/favicons/favicon-96x96.png]
[us-as.gr-cdn.com/images/squeeze-page/_external/various/favicons/android-chrome-192x192.png]
[us-as.gr-cdn.com/images/squeeze-page/_external/various/favicons/favicon-16x16.png]
[us-as.gr-cdn.com/images/squeeze-page/_external/various/favicons/mstile-144x144.png]
[us-as.gr-cdn.com/javascripts/core/lps/dist/reset-styles.966123715ae0a33be233.css]
[us-as.gr-cdn.com/javascripts/core/lps/dist/core-styles.9c25199a979776a4b0f4.css]
[us-as.gr-cdn.com/javascripts/core/lps/dist/webform-styles.b84bbefdfe2052863477.css]
[pwe.gr8.com/images/common/templates/landing/124/1/css/style.css]
[app.getresponse.com/images/common/templates/landing/124/1/img/03.png]
[app.getresponse.com/images/common/templates/landing/124/1/img/04.jpg]
[us-ms.gr-cdn.com/getresponse-G0ddT/photos/224db434-707f-4b66-8767-4af1200823ee.jpg]
[app.getresponse.com/images/common/templates/landing/124/1/img/08.png]
[app.getresponse.com/images/common/templates/landing/124/1/img/09.png]
[us-ms.gr-cdn.com/getresponse-G0ddT/photos/84a153b0-2268-4a03-98de-ba45b34bc4e6.jpg]
[us-ms.gr-cdn.com/getresponse-G0ddT/photos/1acdb016-3b9e-432f-b38e-6dbd093d6c53.jpg]
[app.getresponse.com/images/common/templates/landing/124/1/img/01.jpg]
[ga.getresponse.com/script/ga9bb0.js]
[pwe.gr8.com/images/common/templates/landing/124/1/img/08.png]
[pwe.gr8.com/images/common/templates/landing/124/1/img/09.png]
[pwe.gr8.com/images/common/templates/landing/124/1/img/04.jpg]
[pwe.gr8.com/images/common/templates/landing/124/1/img/03.png]
[us-as.gr-cdn.com/javascripts/core/lps/dist/vendor.chunk.196c66778c8f4bbafafd.js]
[pwe.gr8.com/index.html]
[us-as.gr-cdn.com/javascripts/core/lps/dist/reset-styles.966123715ae0a33be233.css]
[us-as.gr-cdn.com/javascripts/core/lps/dist/core-styles.9c25199a979776a4b0f4.css]
[us-as.gr-cdn.com/images/core/tools/form/phone.png]
[us-as.gr-cdn.com/javascripts/core/lps/dist/webform-styles.b84bbefdfe2052863477.css]
[pwe.gr8.com/images/common/templates/landing/124/1/css/style.css]
[us-as.gr-cdn.com/javascripts/core/lps/dist/show.chunk.7129194eb0c4f7655687.js]
[us-as.gr-cdn.com/javascripts/core/lps/dist/manifest.a6fac3c660e12ab6b857.js]
